pwd
/Users/jjablonski/Desktop/carpentry
]0;~/Desktop/carpentryMIL01-S6AF:carpentry jjablonski$ cd carpentry
bash: cd: carpentry: No such file or directory
]0;~/Desktop/carpentryMIL01-S6AF:carpentry jjablonski$ ls[K[Kls
datastructures	info		objects
hooks		logs		refs
]0;~/Desktop/carpentryMIL01-S6AF:carpentry jjablonski$ cd datastructures
]0;~/Desktop/carpentry/datastructuresMIL01-S6AF:datastructures jjablonski$ [KMIL01-S6AF:datastructures jjablonski$ 
]0;~/Desktop/carpentry/datastructuresMIL01-S6AF:datastructures jjablonski$ 
]0;~/Desktop/carpentry/datastructuresMIL01-S6AF:datastructures jjablonski$ git remote add origin  https://github.com/jonjab/kitties.git
fatal: not a git repository (or any of the parent directories): .git
]0;~/Desktop/carpentry/datastructuresMIL01-S6AF:datastructures jjablonski$ git remote -v
fatal: not a git repository (or any of the parent directories): .git
]0;~/Desktop/carpentry/datastructuresMIL01-S6AF:datastructures jjablonski$ ls
]0;~/Desktop/carpentry/datastructuresMIL01-S6AF:datastructures jjablonski$ ls
]0;~/Desktop/carpentry/datastructuresMIL01-S6AF:datastructures jjablonski$ ls -La
.		..		.Rproj.user
]0;~/Desktop/carpentry/datastructuresMIL01-S6AF:datastructures jjablonski$ pwd
/Users/jjablonski/Desktop/carpentry/datastructures
]0;~/Desktop/carpentry/datastructuresMIL01-S6AF:datastructures jjablonski$ pwdls -La[Kgit remote -vadd origin hhttps://github.com/jonjab/kitties.git
fatal: not a git repository (or any of the parent directories): .git
]0;~/Desktop/carpentry/datastructuresMIL01-S6AF:datastructures jjablonski$ git init
Initialized empty Git repository in /Users/jjablonski/Desktop/carpentry/datastructures/.git/
]0;~/Desktop/carpentry/datastructuresMIL01-S6AF:datastructures jjablonski$ git initremote add origin hhttps://github.com/jonjab/kitties.git
]0;~/Desktop/carpentry/datastructuresMIL01-S6AF:datastructures jjablonski$ git status
On branch master

No commits yet

Untracked files:
  (use "git add <file>..." to include in what will be committed)

	[31m.Rproj.user/[m

nothing added to commit but untracked files present (use "git add" to track)
]0;~/Desktop/carpentry/datastructuresMIL01-S6AF:datastructures jjablonski$ git add /[K.
]0;~/Desktop/carpentry/datastructuresMIL01-S6AF:datastructures jjablonski$ ls
]0;~/Desktop/carpentry/datastructuresMIL01-S6AF:datastructures jjablonski$ pwd
/Users/jjablonski/Desktop/carpentry/datastructures
]0;~/Desktop/carpentry/datastructuresMIL01-S6AF:datastructures jjablonski$ git pull
remote: Enumerating objects: 7, done.[K
remote: Counting objects:  14% (1/7)   [Kremote: Counting objects:  28% (2/7)   [Kremote: Counting objects:  42% (3/7)   [Kremote: Counting objects:  57% (4/7)   [Kremote: Counting objects:  71% (5/7)   [Kremote: Counting objects:  85% (6/7)   [Kremote: Counting objects: 100% (7/7)   [Kremote: Counting objects: 100% (7/7), done.[K
remote: Compressing objects:  20% (1/5)   [Kremote: Compressing objects:  40% (2/5)   [Kremote: Compressing objects:  60% (3/5)   [Kremote: Compressing objects:  80% (4/5)   [Kremote: Compressing objects: 100% (5/5)   [Kremote: Compressing objects: 100% (5/5), done.[K
Unpacking objects:  14% (1/7)   Unpacking objects:  28% (2/7)   Unpacking objects:  42% (3/7)   remote: Total 7 (delta 1), reused 0 (delta 0), pack-reused 0[K
Unpacking objects:  57% (4/7)   Unpacking objects:  71% (5/7)   Unpacking objects:  85% (6/7)   Unpacking objects: 100% (7/7)   Unpacking objects: 100% (7/7), done.
From https://github.com/jonjab/kitties
 * [new branch]      master     -> origin/master
There is no tracking information for the current branch.
Please specify which branch you want to merge with.
See git-pull(1) for details.

    git pull <remote> <branch>

If you wish to set tracking information for this branch you can do so with:

    git branch --set-upstream-to=origin/<branch> master

]0;~/Desktop/carpentry/datastructuresMIL01-S6AF:datastructures jjablonski$ git pull master origin a[K[A[C[C[C[C[C[C[C[C[C[C[C[C[C[C[C[C[C[C[C[C[C[C[C[C[C[C[C[C[C[C[C[C[C[C[C[C[C[C[C[C[C[C[C[C[C[C[C[C[C[C[C[C[C[C[C[C[C[C[C
[A[C[C[C[C[C[C[C[C[C[C[C[C[C[C[C[C[C[C[C[C[C[C[C[C[C[C[C[C[C[C[C[C[C[C[C[C[C[C[C[C[C[C[C[C[C[C[C[C[C[C[C[C[C[C[C[C[C[C[C
[A[C[C[C[C[C[C[C[C[C[C[C[C[C[C[C[C[C[C[C[C[C[C[C[C[C[C[C[C[C[C[C[C[C[C[C[C[C[C[C[C[C[C[C[C[C[C[C[C[C[C[C[C[C[C[C[C[C[C[C[1Pn
[K[A[C[C[C[C[C[C[C[C[C[C[C[C[C[C[C[C[C[C[C[C[C[C[C[C[C[C[C[C[C[C[C[C[C[C[C[C[C[C[C[C[C[C[C[C[C[C[C[C[C[C[C[C[C[C[C[C[C[C[1Pn[1Pn[1Pn[1Pn[1Pn[1Pn[1Pn[1Pn[1Pn[1Pn[1Pn[1Pn[1Pn[1Pn[1Pn[1Pn[1Pn[1Pn[1Pn[1Pn[C[Kgit pull origin master [A[C[C[C[C[C[C[C[C[C[C[C[C[C[C[C[C[C[C[C[C[C[C[C[C[C[C[C[C[C[C[C[C[C[C[C[C[C[C[C[C[C[C[C[C[C[C[C[C[C[C[C[C[C[C[C[C[C[C[C[Kr
From https://github.com/jonjab/kitties
 * branch            master     -> FETCH_HEAD
]0;~/Desktop/carpentry/datastructuresMIL01-S6AF:datastructures jjablonski$ pwd
/Users/jjablonski/Desktop/carpentry/datastructures
]0;~/Desktop/carpentry/datastructuresMIL01-S6AF:datastructures jjablonski$ ls
README.md	rEpisode4.R	rEpisode5.R
]0;~/Desktop/carpentry/datastructuresMIL01-S6AF:datastructures jjablonski$ mkdir data
[KMIL01-S6AF:datastructures jjablonski$ ls
README.md		datastructures.Rproj	rEpisode5.R
data			rEpisode4.R
]0;~/Desktop/carpentry/datastructuresMIL01-S6AF:datastructures jjablonski$ git add .
